Processing 19 file(s)...

  bace.csv                  |    1513 mols |    1130 skipped (no @) |     383 parsed |    383 chiral (25.3%) | 0.15s (0.102 ms/mol)
  bbbp.csv                  |    2039 mols |    1400 skipped (no @) |     639 parsed |    637 chiral (31.2%) | 0.21s (0.105 ms/mol)
  chembl.csv                |  456309 mols |  456309 skipped (no @) |       0 parsed |      0 chiral (0.0%) | 9.58s (0.021 ms/mol)
  clintox.csv               |    1478 mols |     862 skipped (no @) |     616 parsed |    616 chiral (41.7%) | 0.22s (0.152 ms/mol)
  delaney.csv               |    1128 mols |    1128 skipped (no @) |       0 parsed |      0 chiral (0.0%) | 0.00s (0.002 ms/mol)
  freesolv.csv              |     642 mols |     591 skipped (no @) |      51 parsed |     49 chiral (7.6%) | 0.01s (0.011 ms/mol)
  hiv.csv                   |   41127 mols |   41127 skipped (no @) |       0 parsed |      0 chiral (0.0%) | 0.02s (0.000 ms/mol)
  lipo.csv                  |    4200 mols |    3073 skipped (no @) |    1127 parsed |   1127 chiral (26.8%) | 0.65s (0.154 ms/mol)
  muv.csv                   |   93087 mols |   93087 skipped (no @) |       0 parsed |      0 chiral (0.0%) | 0.07s (0.001 ms/mol)
  pcba.csv                  |  437929 mols |  407112 skipped (no @) |   30817 parsed |  30817 chiral (7.0%) | 12.15s (0.028 ms/mol)
  pdbbind_core.csv          |     168 mols |     168 skipped (no @) |       0 parsed |      0 chiral (0.0%) | 0.00s (0.008 ms/mol)
  pdbbind_full.csv          |    9880 mols |    9880 skipped (no @) |       0 parsed |      0 chiral (0.0%) | 0.01s (0.001 ms/mol)
  pdbbind_refined.csv       |    3040 mols |    3040 skipped (no @) |       0 parsed |      0 chiral (0.0%) | 0.00s (0.001 ms/mol)
  qm7.csv                   |    6830 mols |    6830 skipped (no @) |       0 parsed |      0 chiral (0.0%) | 0.00s (0.001 ms/mol)
  qm8.csv                   |   21786 mols |   21786 skipped (no @) |       0 parsed |      0 chiral (0.0%) | 0.03s (0.001 ms/mol)
  qm9.csv                   |  133885 mols |  133885 skipped (no @) |       0 parsed |      0 chiral (0.0%) | 0.15s (0.001 ms/mol)
  sider.csv                 |    1427 mols |    1139 skipped (no @) |     288 parsed |    288 chiral (20.2%) | 0.23s (0.159 ms/mol)
  tox21.csv                 |    7831 mols |    6509 skipped (no @) |    1322 parsed |   1321 chiral (16.9%) | 0.49s (0.062 ms/mol)
  toxcast.csv               |    8576 mols |    7115 skipped (no @) |    1461 parsed |   1461 chiral (17.0%) | 0.70s (0.081 ms/mol)

================================================================================
RESULTS
================================================================================

Total molecules across all datasets: 1232875
Skipped (no @ in SMILES):            1196171
Processed with RDKit:                36704
Failed parses:                       1
Molecules with chirality:            36699
Unique chiral canonical SMILES:      33987

Total time: 24.66s
Avg time per molecule (all): 0.020 ms/mol
Avg time per RDKit-processed molecule: 0.672 ms/mol

Datasets with NO stereocenters at all:
  - chembl (456309 molecules)
  - delaney (1128 molecules)
  - hiv (41127 molecules)
  - muv (93087 molecules)
  - pdbbind_core (168 molecules)
  - pdbbind_full (9880 molecules)
  - pdbbind_refined (3040 molecules)
  - qm7 (6830 molecules)
  - qm8 (21786 molecules)
  - qm9 (133885 molecules)

────────────────────────────────────────────────────────────────────────────────
a.GetChiralTag() value counts (atoms with chirality):
────────────────────────────────────────────────────────────────────────────────
  CHI_TETRAHEDRAL_CCW                :      59805
  CHI_TETRAHEDRAL_CW                 :      57160

────────────────────────────────────────────────────────────────────────────────
int(a.GetChiralTag()) value counts (atoms with chirality):
────────────────────────────────────────────────────────────────────────────────
  2:      59805
  1:      57160

────────────────────────────────────────────────────────────────────────────────
atom.GetProp('_CIPCode') value counts:
────────────────────────────────────────────────────────────────────────────────
  S:      64987
  R:      51718
  r:        194
  s:         66

────────────────────────────────────────────────────────────────────────────────
ChiralTag str -> int mapping (data-driven verification):
────────────────────────────────────────────────────────────────────────────────
  CHI_TETRAHEDRAL_CW                  -> int values observed: [1]
  CHI_TETRAHEDRAL_CCW                 -> int values observed: [2]

────────────────────────────────────────────────────────────────────────────────
Example molecules per ChiralTag (up to 5):
────────────────────────────────────────────────────────────────────────────────

  CHI_TETRAHEDRAL_CCW:
    Cc1ccccc1-c1ccc2nc(N)c(C[C@@H](C)C(=O)N[C@@H]3CCOC(C)(C)C3)cc2c1
    CCCO[C@H]1C[NH2+][C@@H]([C@@H](O)[C@H](Cc2cc(F)cc(F)c2)NC(=O)[C@H](CCc2ccccc2)N2CC[C@@](CC(C)C)(NC(C)=O)C2=O)C1
    CCc1cn2c3c(cc(C(=O)N[C@@H](Cc4ccccc4)[C@H](O)C[NH2+]Cc4cccc(OC)c4)cc13)N(C)S(=O)(=O)CC2
    CCOC[C@@H](Oc1cc(C[C@@H]2CS(=O)(=O)C[C@H]([NH2+]Cc3cccc(C(C)(C)C)c3)[C@H]2O)cc(F)c1N)C(F)(F)F
    CCc1cn2c3c(cc(C(=O)N[C@@H](Cc4ccccc4)[C@H](O)C[NH2+]Cc4cccc(C(F)(F)F)c4)cc13)N(C)S(=O)(=O)CC2

  CHI_TETRAHEDRAL_CW:
    Cc1ccccc1-c1ccc2nc(N)c(C[C@@H](C)C(=O)N[C@@H]3CCOC(C)(C)C3)cc2c1
    CCCO[C@H]1C[NH2+][C@@H]([C@@H](O)[C@H](Cc2cc(F)cc(F)c2)NC(=O)[C@H](CCc2ccccc2)N2CC[C@@](CC(C)C)(NC(C)=O)C2=O)C1
    CCc1cn2c3c(cc(C(=O)N[C@@H](Cc4ccccc4)[C@H](O)C[NH2+]Cc4cccc(OC)c4)cc13)N(C)S(=O)(=O)CC2
    CCOC[C@@H](Oc1cc(C[C@@H]2CS(=O)(=O)C[C@H]([NH2+]Cc3cccc(C(C)(C)C)c3)[C@H]2O)cc(F)c1N)C(F)(F)F
    CCc1cn2c3c(cc(C(=O)N[C@@H](Cc4ccccc4)[C@H](O)C[NH2+]Cc4cccc(C(F)(F)F)c4)cc13)N(C)S(=O)(=O)CC2

────────────────────────────────────────────────────────────────────────────────
Example molecules per CIPCode (up to 5):
────────────────────────────────────────────────────────────────────────────────

  R:
    Cc1ccccc1-c1ccc2nc(N)c(C[C@@H](C)C(=O)N[C@@H]3CCOC(C)(C)C3)cc2c1
    CCCO[C@H]1C[NH2+][C@@H]([C@@H](O)[C@H](Cc2cc(F)cc(F)c2)NC(=O)[C@H](CCc2ccccc2)N2CC[C@@](CC(C)C)(NC(C)=O)C2=O)C1
    CCc1cn2c3c(cc(C(=O)N[C@@H](Cc4ccccc4)[C@H](O)C[NH2+]Cc4cccc(OC)c4)cc13)N(C)S(=O)(=O)CC2
    CCOC[C@@H](Oc1cc(C[C@@H]2CS(=O)(=O)C[C@H]([NH2+]Cc3cccc(C(C)(C)C)c3)[C@H]2O)cc(F)c1N)C(F)(F)F
    CCc1cn2c3c(cc(C(=O)N[C@@H](Cc4ccccc4)[C@H](O)C[NH2+]Cc4cccc(C(F)(F)F)c4)cc13)N(C)S(=O)(=O)CC2

  S:
    CCCO[C@H]1C[NH2+][C@@H]([C@@H](O)[C@H](Cc2cc(F)cc(F)c2)NC(=O)[C@H](CCc2ccccc2)N2CC[C@@](CC(C)C)(NC(C)=O)C2=O)C1
    CCc1cn2c3c(cc(C(=O)N[C@@H](Cc4ccccc4)[C@H](O)C[NH2+]Cc4cccc(OC)c4)cc13)N(C)S(=O)(=O)CC2
    CCOC[C@@H](Oc1cc(C[C@@H]2CS(=O)(=O)C[C@H]([NH2+]Cc3cccc(C(C)(C)C)c3)[C@H]2O)cc(F)c1N)C(F)(F)F
    CCc1cn2c3c(cc(C(=O)N[C@@H](Cc4ccccc4)[C@H](O)C[NH2+]Cc4cccc(C(F)(F)F)c4)cc13)N(C)S(=O)(=O)CC2
    CC(C)(C)c1cccc(C[NH2+][C@H]2CS(=O)C[C@@H](Cc3cc(F)c(N)c(OC(C(F)(F)F)C(F)(F)F)c3)[C@@H]2O)c1

  r:
    Cl[C@H]1[C@H](Cl)[C@@H](Cl)[C@@H](Cl)[C@H](Cl)[C@H]1Cl
    [NH3+]C[C@H]1CC[C@H](C(=O)[O-])CC1
    O=C1C([O-])=C([C@H]2CC[C@H](c3ccc(Cl)cc3)CC2)C(=O)c2ccccc21
    C[NH+]1[C@@H]2CC[C@H]1C[C@@H](OC(=O)C(CO)c1ccccc1)C2
    CC(C)[C@H]1CC[C@H](C(=O)N[C@H](Cc2ccccc2)C(=O)[O-])CC1

  s:
    [NH3+][C@@H]1[C@H]2CN(c3nc4c(cc3F)c(=O)c(C(=O)[O-])cn4-c3ccc(F)cc3F)C[C@@H]12
    C[NH+]1[C@@H]2C[C@@H](OC(=O)[C@H](CO)c3ccccc3)C[C@H]1[C@@H]1O[C@@H]12
    CC1(c2nc(N3CCOCC3)ncc2C(=O)N[C@H]2C3CC4CC2C[C@](O)(C4)C3)CC1
    CN(C)c1nc(N[C@H]2CC[C@@H](NC(=O)c3ccc(F)c(F)c3)CC2)nc2ccccc12
    CCCSc1ncccc1C(=O)N(C)[C@@H]1[C@@H]2CC3C[C@H]1C[C@@](O)(C3)C2

────────────────────────────────────────────────────────────────────────────────
Per-dataset summary:
────────────────────────────────────────────────────────────────────────────────
  Dataset              |   Total |    No @ |  Parsed |  Chiral | %Chiral |   Time
  ────────────────────-+-───────-+-───────-+-───────-+-───────-+-───────-+-──────
  bace                 |    1513 |    1130 |     383 |     383 |   25.3% |   0.1s
  bbbp                 |    2039 |    1400 |     639 |     637 |   31.2% |   0.2s
  chembl               |  456309 |  456309 |       0 |       0 |    0.0% |   9.6s
  clintox              |    1478 |     862 |     616 |     616 |   41.7% |   0.2s
  delaney              |    1128 |    1128 |       0 |       0 |    0.0% |   0.0s
  freesolv             |     642 |     591 |      51 |      49 |    7.6% |   0.0s
  hiv                  |   41127 |   41127 |       0 |       0 |    0.0% |   0.0s
  lipo                 |    4200 |    3073 |    1127 |    1127 |   26.8% |   0.7s
  muv                  |   93087 |   93087 |       0 |       0 |    0.0% |   0.1s
  pcba                 |  437929 |  407112 |   30817 |   30817 |    7.0% |  12.2s
  pdbbind_core         |     168 |     168 |       0 |       0 |    0.0% |   0.0s
  pdbbind_full         |    9880 |    9880 |       0 |       0 |    0.0% |   0.0s
  pdbbind_refined      |    3040 |    3040 |       0 |       0 |    0.0% |   0.0s
  qm7                  |    6830 |    6830 |       0 |       0 |    0.0% |   0.0s
  qm8                  |   21786 |   21786 |       0 |       0 |    0.0% |   0.0s
  qm9                  |  133885 |  133885 |       0 |       0 |    0.0% |   0.1s
  sider                |    1427 |    1139 |     288 |     288 |   20.2% |   0.2s
  tox21                |    7831 |    6509 |    1322 |    1321 |   16.9% |   0.5s
  toxcast              |    8576 |    7115 |    1461 |    1461 |   17.0% |   0.7s

